﻿­ƒö¿ Building Next.js app...


> biomasse-faisabilite@0.1.0 build
> next build

  Ôû▓ Next.js 14.2.35
  - Environments: .env.local, .env

   Creating an optimized production build ...
 Ô£ô Compiled successfully
   Linting and checking validity of types ...
   Collecting page data ...
   Generating static pages (0/21) ...
   Generating static pages (5/21) 
   Generating static pages (10/21) 
prisma:query SELECT `main`.`meteo_monotone`.`id`, `main`.`meteo_monotone`.`ville` FROM `main`.`meteo_monotone` WHERE 1=1 ORDER BY `main`.`meteo_monotone`.`ville` ASC LIMIT ? OFFSET ?
   Generating static pages (15/21) 
 Ô£ô Generating static pages (21/21)
   Finalizing page optimization ...
   Collecting build traces ...

Route (app)                                              Size     First Load JS
Ôöî Ôùï /                                                    2.2 kB          109 kB
Ôö£ Ôùï /_not-found                                          876 B          88.6 kB
Ôö£ Ôùï /admin/costs                                         3.33 kB         110 kB
Ôö£ Ôùï /admin/meteo                                         2.46 kB        90.1 kB
Ôö£ Ôùï /affaires                                            2.38 kB         109 kB
Ôö£ ãÆ /affaires/[id]                                       148 kB          355 kB
Ôö£ ãÆ /affaires/[id]/resultats                             4.59 kB         212 kB
Ôö£ Ôùï /affaires/new                                        6.41 kB         113 kB
Ôö£ ãÆ /api/admin/meteo/dju-import                          0 B                0 B
Ôö£ ãÆ /api/admin/meteo/monotone-import                     0 B                0 B
Ôö£ Ôùï /api/admin/meteo/villes                              0 B                0 B
Ôö£ ãÆ /api/affaires                                        0 B                0 B
Ôö£ ãÆ /api/affaires/[id]                                   0 B                0 B
Ôö£ ãÆ /api/affaires/[id]/batiments                         0 B                0 B
Ôö£ ãÆ /api/affaires/[id]/batiments/[batimentId]/isolation  0 B                0 B
Ôö£ ãÆ /api/affaires/[id]/chiffrage-biomasse                0 B                0 B
Ôö£ ãÆ /api/affaires/[id]/chiffrage-reference               0 B                0 B
Ôö£ ãÆ /api/affaires/[id]/parcs                             0 B                0 B
Ôö£ ãÆ /api/affaires/duplicate                              0 B                0 B
Ôö£ ãÆ /api/affaires/share                                  0 B                0 B
Ôö£ ãÆ /api/auth/[...nextauth]                              0 B                0 B
Ôö£ ãÆ /api/auth/login                                      0 B                0 B
Ôö£ ãÆ /api/auth/register                                   0 B                0 B
Ôö£ ãÆ /api/calculs/[id]                                    0 B                0 B
Ôö£ ãÆ /api/costs                                           0 B                0 B
Ôö£ ãÆ /api/meteo/[departement]                             0 B                0 B
Ôö£ ãÆ /api/meteo/monotone/[ville]                          0 B                0 B
Ôö£ Ôùï /auth/login                                          1.8 kB          108 kB
Ôö£ Ôùï /auth/register                                       2.16 kB        98.8 kB
Ôö£ Ôùï /couts                                               4.11 kB         110 kB
Ôöö Ôùï /dashboard                                           3.01 kB         109 kB
+ First Load JS shared by all                            87.7 kB
  Ôö£ chunks/117-86aae2d91da6c909.js                       31.9 kB
  Ôö£ chunks/fd9d1056-ebebe634cac0ba2a.js                  53.6 kB
  Ôöö other shared chunks (total)                          2.13 kB


ãÆ Middleware                                             49.6 kB

Ôùï  (Static)   prerendered as static content
ãÆ  (Dynamic)  server-rendered on demand


Ô£à Build successful!
